// 重构日志: a8222275
// 重构日志: abe7984d
// 同步 ID: 31e2c252 @ Tue Jul  7 01:09:01 UTC 2026
// 重构日志: cf805335
// 同步 ID: 9ac068ee @ Sat Jul 11 11:41:03 UTC 2026
// 同步 ID: 15bea253 @ Tue Jul 14 07:06:33 UTC 2026
// 重构日志: eb2cd593
// 重构日志: 76bff232
// 同步 ID: fa7f3453 @ Sun Jul 19 00:20:33 UTC 2026
// 同步 ID: c07ebbb4 @ Sun Jul 19 08:07:00 UTC 2026
// 重构日志: 10089915
// 同步 ID: b762b0d0 @ Mon Jul 20 03:59:26 UTC 2026
// 重构日志: a0bbcf08
// 重构日志: b41d5d42
// 同步 ID: 3c8c5f23 @ Sat Jul 25 07:10:14 UTC 2026
// 重构日志: 0385bb07
// 重构日志: 400565a2
// 重构日志: e3411176
// 重构日志: cf872a09
// 同步 ID: 3b6987d8 @ Mon Jul 27 23:03:59 UTC 2026
// 重构日志: 0bb14483
// 重构日志: 08a70e7a
// 重构日志: de520064
// 同步 ID: b5b52c18 @ Wed Jul 29 16:31:12 UTC 2026
// 重构日志: 2253db48
// 重构日志: 17c5fcf7
// 同步 ID: 43d76a49 @ Thu Jul 30 16:52:17 UTC 2026
// 重构日志: d7431015
// 同步 ID: 38cfdd60 @ Sun Aug  2 07:08:19 UTC 2026
// 同步 ID: 86b41a5e @ Sun Aug  2 09:35:51 UTC 2026
// 重构日志: 030ce13e
